function__entry:call_stack.py:start:23
function__entry:call_stack.py:function_1:1
function__return:call_stack.py:function_1:2
function__entry:call_stack.py:function_2:5
function__entry:call_stack.py:function_1:1
function__return:call_stack.py:function_1:2
function__return:call_stack.py:function_2:6
function__entry:call_stack.py:function_3:9
function__return:call_stack.py:function_3:10
function__entry:call_stack.py:function_4:13
function__return:call_stack.py:function_4:14
function__entry:call_stack.py:function_5:18
function__return:call_stack.py:function_5:21
function__return:call_stack.py:start:28
