function__entry:call_stack.py:start:23:__main__
function__entry:call_stack.py:function_1:1:__main__
function__return:call_stack.py:function_1:2:__main__
function__entry:call_stack.py:function_2:5:__main__
function__entry:call_stack.py:function_1:1:__main__
function__return:call_stack.py:function_1:2:__main__
function__return:call_stack.py:function_2:6:__main__
function__entry:call_stack.py:function_3:9:__main__
function__return:call_stack.py:function_3:10:__main__
function__entry:call_stack.py:function_4:13:__main__
function__return:call_stack.py:function_4:14:__main__
function__entry:call_stack.py:function_5:18:__main__
function__return:call_stack.py:function_5:21:__main__
function__return:call_stack.py:start:28:__main__
