line:line.py:test_line:2
line:line.py:test_line:3
line:line.py:test_line:4
line:line.py:test_line:5
line:line.py:test_line:6
line:line.py:test_line:7
line:line.py:test_line:8
line:line.py:test_line:9
line:line.py:test_line:10
line:line.py:test_line:11
line:line.py:test_line:4
line:line.py:test_line:5
line:line.py:test_line:6
line:line.py:test_line:7
line:line.py:test_line:8
line:line.py:test_line:10
line:line.py:test_line:11
line:line.py:test_line:4
line:line.py:test_line:12
line:line.py:test_line:13
